// Jest Snapshot v1, https://goo.gl/fbAQLP

exports[`Typography should add add correct styling for body types 1`] = `
<body>
  <div>
    <div>
      <p
        class="font-body text-xl"
      >
        Body Xl
      </p>
      <p
        class="font-body text-lg"
      >
        Body Lg
      </p>
      <p
        class="font-body text-md"
      >
        Body Md
      </p>
      <p
        class="font-body text-base"
      >
        Body
      </p>
      <p
        class="font-body text-sm"
      >
        Body Sm
      </p>
      <p
        class="font-body text-xs"
      >
        Body Xs
      </p>
    </div>
  </div>
</body>
`;

exports[`Typography should add add correct styling for heading types 1`] = `
<body>
  <div>
    <div>
      <h1
        class="font-heading text-4xl tablet:text-5xl desktop:text-6xl"
      >
        Heading 1
      </h1>
      <h2
        class="font-heading text-3xl tablet:text-4xl desktop:text-5xl"
      >
        Heading 2
      </h2>
      <h3
        class="font-heading text-2xl tablet:text-3xl desktop:text-4xl"
      >
        Heading 3
      </h3>
      <h4
        class="font-heading text-xl tablet:text-2xl desktop:text-3xl"
      >
        Heading 4
      </h4>
      <h5
        class="font-heading text-lg tablet:text-xl desktop:text-2xl"
      >
        Heading 5
      </h5>
      <h6
        class="font-heading text-md tablet:text-lg desktop:text-xl"
      >
        Heading 6
      </h6>
    </div>
  </div>
</body>
`;

exports[`Typography should add add correct styling for interface types 1`] = `
<body>
  <div>
    <div>
      <span
        class="font-interface text-2xl leading-none"
      >
        Interface 2Xl
      </span>
      <span
        class="font-interface text-xl leading-none"
      >
        Interface Xl
      </span>
      <span
        class="font-interface text-lg leading-none"
      >
        Interface Lg
      </span>
      <span
        class="font-interface text-md leading-none"
      >
        Interface Md
      </span>
      <span
        class="font-interface leading-none"
      >
        Interface
      </span>
      <span
        class="font-interface text-sm leading-none"
      >
        Interface Sm
      </span>
    </div>
  </div>
</body>
`;
